[12:27:08] >>> SYNTHESIS STARTED
[12:27:08] DLP upload starting (all patterns)...
[12:27:17] DLP upload: DLP upload complete
[12:27:18] Rv1;w1;P1on;w1;P1off;
[12:27:18] Arduino TX: Rv1;w1;P1on;w1;P1off;
[12:27:20] Arduino RX: Done: RX: Rv1;w1;P1on;w1;P1off; | [RVM] Port 1 | [W1s] | [P1] ON | [W1s] | [P1] OFF
[12:27:20] w1;
[12:27:20] Arduino TX: w1;
[12:27:21] Arduino RX: Done: RX: w1; | [W1s]
[12:27:21] Rv1;w1;P1on;w1;P1off;
[12:27:21] Arduino TX: Rv1;w1;P1on;w1;P1off;
[12:27:23] Arduino RX: Done: RX: Rv1;w1;P1on;w1;P1off; | [RVM] Port 1 | [W1s] | [P1] ON | [W1s] | [P1] OFF
[12:27:23] Rv5;w1;P1on;w1;P1off;
[12:27:23] Arduino TX: Rv5;w1;P1on;w1;P1off;
[12:27:25] Arduino RX: Done: RX: Rv5;w1;P1on;w1;P1off; | [RVM] Port 5 | [W1s] | [P1] ON | [W1s] | [P1] OFF
[12:27:25] P2on;w1;P2off;
[12:27:25] Arduino TX: P2on;w1;P2off;
[12:27:26] Arduino RX: Done: RX: P2on;w1;P2off; | [P2] ON | [W1s] | [P2] OFF
[12:27:26] Rv6;w1;P1on;w1;P1off;
[12:27:26] Arduino TX: Rv6;w1;P1on;w1;P1off;
[12:27:28] Arduino RX: Done: RX: Rv6;w1;P1on;w1;P1off; | [RVM] Port 6 | [W1s] | [P1] ON | [W1s] | [P1] OFF
[12:27:28] DLP_EXPOSURE
[12:27:30] P2on;w1;P2off;
[12:27:30] Arduino TX: P2on;w1;P2off;
[12:27:31] Arduino RX: Done: RX: P2on;w1;P2off; | [P2] ON | [W1s] | [P2] OFF
[12:27:31] Rv9;w1;P1on;w1;P1off;
[12:27:31] Arduino TX: Rv9;w1;P1on;w1;P1off;
[12:27:33] Arduino RX: Done: RX: Rv9;w1;P1on;w1;P1off; | [RVM] Port 9 | [W1s] | [P1] ON | [W1s] | [P1] OFF
[12:27:33] Rv10;w1;P1on;w1;P1off;
[12:27:33] Arduino TX: Rv10;w1;P1on;w1;P1off;
[12:27:35] Arduino RX: Done: RX: Rv10;w1;P1on;w1;P1off; | [RVM] Port 10 | [W1s] | [P1] ON | [W1s] | [P1] OFF
[12:27:35] Rv2;w1;P1on;w1;P1off;
[12:27:35] Arduino TX: Rv2;w1;P1on;w1;P1off;
[12:27:37] Arduino RX: Done: RX: Rv2;w1;P1on;w1;P1off; | [RVM] Port 2 | [W1s] | [P1] ON | [W1s] | [P1] OFF
[12:27:37] Rv5;w1;P1on;w1;P1off;
[12:27:37] Arduino TX: Rv5;w1;P1on;w1;P1off;
[12:27:39] Arduino RX: Done: RX: Rv5;w1;P1on;w1;P1off; | [RVM] Port 5 | [W1s] | [P1] ON | [W1s] | [P1] OFF
[12:27:39] P2on;w1;P2off;
[12:27:39] Arduino TX: P2on;w1;P2off;
[12:27:41] Arduino RX: Done: RX: P2on;w1;P2off; | [P2] ON | [W1s] | [P2] OFF
[12:27:41] Rv6;w1;P1on;w1;P1off;
[12:27:41] Arduino TX: Rv6;w1;P1on;w1;P1off;
[12:27:43] Arduino RX: Done: RX: Rv6;w1;P1on;w1;P1off; | [RVM] Port 6 | [W1s] | [P1] ON | [W1s] | [P1] OFF
[12:27:43] DLP_EXPOSURE
[12:27:44] P2on;w1;P2off;
[12:27:44] Arduino TX: P2on;w1;P2off;
[12:27:45] Arduino RX: Done: RX: P2on;w1;P2off; | [P2] ON | [W1s] | [P2] OFF
[12:27:45] Rv9;w1;P1on;w1;P1off;
[12:27:45] Arduino TX: Rv9;w1;P1on;w1;P1off;
[12:27:47] Arduino RX: Done: RX: Rv9;w1;P1on;w1;P1off; | [RVM] Port 9 | [W1s] | [P1] ON | [W1s] | [P1] OFF
[12:27:47] Rv10;w1;P1on;w1;P1off;
[12:27:47] Arduino TX: Rv10;w1;P1on;w1;P1off;
[12:27:49] Arduino RX: Done: RX: Rv10;w1;P1on;w1;P1off; | [RVM] Port 10 | [W1s] | [P1] ON | [W1s] | [P1] OFF
[12:27:49] Rv3;w1;P1on;w1;P1off;
[12:27:49] Arduino TX: Rv3;w1;P1on;w1;P1off;
[12:27:51] Arduino RX: Done: RX: Rv3;w1;P1on;w1;P1off; | [RVM] Port 3 | [W1s] | [P1] ON | [W1s] | [P1] OFF
[12:27:51] Rv5;w1;P1on;w1;P1off;
[12:27:51] Arduino TX: Rv5;w1;P1on;w1;P1off;
[12:27:53] Arduino RX: Done: RX: Rv5;w1;P1on;w1;P1off; | [RVM] Port 5 | [W1s] | [P1] ON | [W1s] | [P1] OFF
[12:27:53] P2on;w1;P2off;
[12:27:53] Arduino TX: P2on;w1;P2off;
[12:27:54] Arduino RX: Done: RX: P2on;w1;P2off; | [P2] ON | [W1s] | [P2] OFF
[12:27:54] Rv6;w1;P1on;w1;P1off;
[12:27:54] Arduino TX: Rv6;w1;P1on;w1;P1off;
[12:27:56] Arduino RX: Done: RX: Rv6;w1;P1on;w1;P1off; | [RVM] Port 6 | [W1s] | [P1] ON | [W1s] | [P1] OFF
[12:27:56] DLP_EXPOSURE
[12:27:57] P2on;w1;P2off;
[12:27:57] Arduino TX: P2on;w1;P2off;
[12:27:58] Arduino RX: Done: RX: P2on;w1;P2off; | [P2] ON | [W1s] | [P2] OFF
[12:27:58] Rv9;w1;P1on;w1;P1off;
[12:27:58] Arduino TX: Rv9;w1;P1on;w1;P1off;
[12:28:00] Arduino RX: Done: RX: Rv9;w1;P1on;w1;P1off; | [RVM] Port 9 | [W1s] | [P1] ON | [W1s] | [P1] OFF
[12:28:00] Rv10;w1;P1on;w1;P1off;
[12:28:00] Arduino TX: Rv10;w1;P1on;w1;P1off;
[12:28:03] Arduino RX: Done: RX: Rv10;w1;P1on;w1;P1off; | [RVM] Port 10 | [W1s] | [P1] ON | [W1s] | [P1] OFF
[12:28:03] Rv4;w1;P1on;w1;P1off;
[12:28:03] Arduino TX: Rv4;w1;P1on;w1;P1off;
[12:28:05] Arduino RX: Done: RX: Rv4;w1;P1on;w1;P1off; | [RVM] Port 4 | [W1s] | [P1] ON | [W1s] | [P1] OFF
[12:28:05] Rv5;w1;P1on;w1;P1off;
[12:28:05] Arduino TX: Rv5;w1;P1on;w1;P1off;
[12:28:07] Arduino RX: Done: RX: Rv5;w1;P1on;w1;P1off; | [RVM] Port 5 | [W1s] | [P1] ON | [W1s] | [P1] OFF
[12:28:07] P2on;w1;P2off;
[12:28:07] Arduino TX: P2on;w1;P2off;
[12:28:08] Arduino RX: Done: RX: P2on;w1;P2off; | [P2] ON | [W1s] | [P2] OFF
[12:28:08] Rv6;w1;P1on;w1;P1off;
[12:28:08] Arduino TX: Rv6;w1;P1on;w1;P1off;
[12:28:10] Arduino RX: Done: RX: Rv6;w1;P1on;w1;P1off; | [RVM] Port 6 | [W1s] | [P1] ON | [W1s] | [P1] OFF
[12:28:10] DLP_EXPOSURE
[12:28:11] P2on;w1;P2off;
[12:28:11] Arduino TX: P2on;w1;P2off;
[12:28:12] Arduino RX: Done: RX: P2on;w1;P2off; | [P2] ON | [W1s] | [P2] OFF
[12:28:12] Rv9;w1;P1on;w1;P1off;
[12:28:12] Arduino TX: Rv9;w1;P1on;w1;P1off;
[12:28:14] Arduino RX: Done: RX: Rv9;w1;P1on;w1;P1off; | [RVM] Port 9 | [W1s] | [P1] ON | [W1s] | [P1] OFF
[12:28:14] Rv10;w1;P1on;w1;P1off;
[12:28:14] Arduino TX: Rv10;w1;P1on;w1;P1off;
[12:28:16] Arduino RX: Done: RX: Rv10;w1;P1on;w1;P1off; | [RVM] Port 10 | [W1s] | [P1] ON | [W1s] | [P1] OFF
[12:28:16] Rv1;w1;P1on;w1;P1off;
[12:28:16] Arduino TX: Rv1;w1;P1on;w1;P1off;
[12:28:18] Arduino RX: Done: RX: Rv1;w1;P1on;w1;P1off; | [RVM] Port 1 | [W1s] | [P1] ON | [W1s] | [P1] OFF
[12:28:18] Rv5;w1;P1on;w1;P1off;
[12:28:18] Arduino TX: Rv5;w1;P1on;w1;P1off;
[12:28:20] Arduino RX: Done: RX: Rv5;w1;P1on;w1;P1off; | [RVM] Port 5 | [W1s] | [P1] ON | [W1s] | [P1] OFF
[12:28:20] P2on;w1;P2off;
[12:28:20] Arduino TX: P2on;w1;P2off;
[12:28:21] Arduino RX: Done: RX: P2on;w1;P2off; | [P2] ON | [W1s] | [P2] OFF
[12:28:22] Rv6;w1;P1on;w1;P1off;
[12:28:22] Arduino TX: Rv6;w1;P1on;w1;P1off;
[12:28:24] Arduino RX: Done: RX: Rv6;w1;P1on;w1;P1off; | [RVM] Port 6 | [W1s] | [P1] ON | [W1s] | [P1] OFF
[12:28:24] DLP_EXPOSURE
[12:28:26] P2on;w1;P2off;
[12:28:26] Arduino TX: P2on;w1;P2off;
[12:28:27] Arduino RX: Done: RX: P2on;w1;P2off; | [P2] ON | [W1s] | [P2] OFF
[12:28:27] Rv9;w1;P1on;w1;P1off;
[12:28:27] Arduino TX: Rv9;w1;P1on;w1;P1off;
[12:28:29] Arduino RX: Done: RX: Rv9;w1;P1on;w1;P1off; | [RVM] Port 9 | [W1s] | [P1] ON | [W1s] | [P1] OFF
[12:28:29] Rv10;w1;P1on;w1;P1off;
[12:28:29] Arduino TX: Rv10;w1;P1on;w1;P1off;
[12:28:31] Arduino RX: Done: RX: Rv10;w1;P1on;w1;P1off; | [RVM] Port 10 | [W1s] | [P1] ON | [W1s] | [P1] OFF
[12:28:31] Rv2;w1;P1on;w1;P1off;
[12:28:31] Arduino TX: Rv2;w1;P1on;w1;P1off;
[12:28:33] Arduino RX: Done: RX: Rv2;w1;P1on;w1;P1off; | [RVM] Port 2 | [W1s] | [P1] ON | [W1s] | [P1] OFF
[12:28:33] Rv5;w1;P1on;w1;P1off;
[12:28:33] Arduino TX: Rv5;w1;P1on;w1;P1off;
[12:28:35] Arduino RX: Done: RX: Rv5;w1;P1on;w1;P1off; | [RVM] Port 5 | [W1s] | [P1] ON | [W1s] | [P1] OFF
[12:28:35] P2on;w1;P2off;
[12:28:35] Arduino TX: P2on;w1;P2off;
[12:28:36] Arduino RX: Done: RX: P2on;w1;P2off; | [P2] ON | [W1s] | [P2] OFF
[12:28:36] Rv6;w1;P1on;w1;P1off;
[12:28:36] Arduino TX: Rv6;w1;P1on;w1;P1off;
[12:28:38] Arduino RX: Done: RX: Rv6;w1;P1on;w1;P1off; | [RVM] Port 6 | [W1s] | [P1] ON | [W1s] | [P1] OFF
[12:28:38] DLP_EXPOSURE
[12:28:39] P2on;w1;P2off;
[12:28:39] Arduino TX: P2on;w1;P2off;
[12:28:40] Arduino RX: Done: RX: P2on;w1;P2off; | [P2] ON | [W1s] | [P2] OFF
[12:28:40] Rv9;w1;P1on;w1;P1off;
[12:28:40] Arduino TX: Rv9;w1;P1on;w1;P1off;
[12:28:42] Arduino RX: Done: RX: Rv9;w1;P1on;w1;P1off; | [RVM] Port 9 | [W1s] | [P1] ON | [W1s] | [P1] OFF
[12:28:42] Rv10;w1;P1on;w1;P1off;
[12:28:42] Arduino TX: Rv10;w1;P1on;w1;P1off;
[12:28:44] Arduino RX: Done: RX: Rv10;w1;P1on;w1;P1off; | [RVM] Port 10 | [W1s] | [P1] ON | [W1s] | [P1] OFF
[12:28:45] Rv3;w1;P1on;w1;P1off;
[12:28:45] Arduino TX: Rv3;w1;P1on;w1;P1off;
[12:28:47] Arduino RX: Done: RX: Rv3;w1;P1on;w1;P1off; | [RVM] Port 3 | [W1s] | [P1] ON | [W1s] | [P1] OFF
[12:28:47] Rv5;w1;P1on;w1;P1off;
[12:28:47] Arduino TX: Rv5;w1;P1on;w1;P1off;
[12:28:49] Arduino RX: Done: RX: Rv5;w1;P1on;w1;P1off; | [RVM] Port 5 | [W1s] | [P1] ON | [W1s] | [P1] OFF
[12:28:49] P2on;w1;P2off;
[12:28:49] Arduino TX: P2on;w1;P2off;
[12:28:50] Arduino RX: Done: RX: P2on;w1;P2off; | [P2] ON | [W1s] | [P2] OFF
[12:28:50] Rv6;w1;P1on;w1;P1off;
[12:28:50] Arduino TX: Rv6;w1;P1on;w1;P1off;
